// Jest Snapshot v1, https://goo.gl/fbAQLP

exports[`Status component test 1`] = `<span />`;
