// Jest Snapshot v1, https://goo.gl/fbAQLP

exports[`TabbedView component test 1`] = `
<div
  className="live-editor"
>
  <ul
    className="nav nav-tabs"
  >
    <li
      className="left active"
    >
      <span>
        Â 
        <span
          className="glyphicon glyphicon-info-sign"
          onClick={null}
          onMouseOut={[Function]}
          onMouseOver={[Function]}
        />
      </span>
    </li>
    <li
      className="active"
    >
      <span
        onClick={[Function]}
      >
        Editor
      </span>
    </li>
    <li
      className=""
    >
      <span
        onClick={[Function]}
      >
        Preview
      </span>
    </li>
  </ul>
  <div
    className="content"
  >
    h
  </div>
  <div
    className="help-inline"
  />
</div>
`;
